
=== Sun Jul 11 11:20:36 2021

Packages were changed.
Update Mode: updateDependencies

The following packages were updated:
  com.unity.collab-proxy from version 1.3.9 to 1.5.7
  com.unity.ide.visualstudio from version 2.0.7 to 2.0.9
  com.unity.render-pipelines.universal from version 10.3.2 to 10.5.0
  com.unity.test-framework from version 1.1.24 to 1.1.26
  com.unity.textmeshpro from version 3.0.4 to 3.0.6
  com.unity.timeline from version 1.4.7 to 1.4.8
  com.unity.xr.oculus from version 1.8.1 to 1.9.1
  com.unity.xr.openxr from version 1.0.3 to 1.2.0

=== Tue Jul 26 14:06:27 2022

Packages were changed.
Update Mode: updateDependencies

The following packages were updated:
  com.unity.collab-proxy from version 1.5.7 to 1.11.2
  com.unity.ide.vscode from version 1.2.3 to 1.2.4
  com.unity.render-pipelines.universal from version 10.5.0 to 10.6.0
  com.unity.test-framework from version 1.1.27 to 1.1.29
  com.unity.xr.oculus from version 1.9.1 to 1.10.0
  com.unity.xr.openxr from version 1.2.0 to 1.2.8

=== Mon Aug  4 01:07:05 2025

Packages were changed.
Update Mode: updateDependencies

The following packages were added:
  com.unity.ai.navigation@1.1.5
The following packages were updated:
  com.unity.collab-proxy from version 1.11.2 to 2.4.3
  com.unity.ide.rider from version 2.0.7 to 3.0.31
  com.unity.ide.visualstudio from version 2.0.11 to 2.0.22
  com.unity.ide.vscode from version 1.2.4 to 1.2.5
  com.unity.render-pipelines.universal from version 10.6.0 to 14.0.11
  com.unity.test-framework from version 1.1.29 to 1.1.33
  com.unity.timeline from version 1.4.8 to 1.7.6
  com.unity.xr.interaction.toolkit from version 1.0.0-pre.3 to 2.5.4
  com.unity.xr.management from version 4.0.6 to 4.4.0
  com.unity.xr.oculus from version 1.10.0 to 4.2.0
  com.unity.xr.openxr from version 1.2.8 to 1.11.0
